Skipping import of cpp extensions due to incompatible torch version 2.9.0+cpu for torchao version 0.14.0+cpu             Please see https://github.com/pytorch/ao/issues/2919 for more info
class GraphModule(torch.nn.Module):
    def forward(self, x, y):
        x: "f32[1, 1, 1, 1]"; y: "f32[1, 1, 1, 1]"; 
    
        x, y, = fx_pytree.tree_flatten_spec(([x, y], {}), self._in_spec)
         # File: /__w/CMSIS-Executorch/CMSIS-Executorch/model/aot_model.py:5 in forward, code: return x + y
        add: "f32[1, 1, 1, 1]" = torch.ops.aten.add.Tensor(x, y);  x = y = None
        return pytree.tree_unflatten((add,), self._out_spec)
        
class GraphModule(torch.nn.Module):
    def forward(self, x, y):
        x: "f32[1, 1, 1, 1]"; y: "f32[1, 1, 1, 1]"; 
    
        x, y, = fx_pytree.tree_flatten_spec(([x, y], {}), self._in_spec)
        # No stacktrace found for following nodes
        quantize_per_tensor_default = torch.ops.quantized_decomposed.quantize_per_tensor.default(x, 0.003921568859368563, -128, -128, 127, torch.int8);  x = None
        
         # File: /__w/CMSIS-Executorch/CMSIS-Executorch/model/aot_model.py:5 in forward, code: return x + y
        dequantize_per_tensor_default = torch.ops.quantized_decomposed.dequantize_per_tensor.default(quantize_per_tensor_default, 0.003921568859368563, -128, -128, 127, torch.int8);  quantize_per_tensor_default = None
        
        # No stacktrace found for following nodes
        quantize_per_tensor_default_1 = torch.ops.quantized_decomposed.quantize_per_tensor.default(y, 0.003921568859368563, -128, -128, 127, torch.int8);  y = None
        
         # File: /__w/CMSIS-Executorch/CMSIS-Executorch/model/aot_model.py:5 in forward, code: return x + y
        dequantize_per_tensor_default_1 = torch.ops.quantized_decomposed.dequantize_per_tensor.default(quantize_per_tensor_default_1, 0.003921568859368563, -128, -128, 127, torch.int8);  quantize_per_tensor_default_1 = None
        add: "f32[1, 1, 1, 1]" = torch.ops.aten.add.Tensor(dequantize_per_tensor_default, dequantize_per_tensor_default_1);  dequantize_per_tensor_default = dequantize_per_tensor_default_1 = None
        quantize_per_tensor_default_2 = torch.ops.quantized_decomposed.quantize_per_tensor.default(add, 0.007843137718737125, -128, -128, 127, torch.int8);  add = None
        
        # No stacktrace found for following nodes
        dequantize_per_tensor_default_2 = torch.ops.quantized_decomposed.dequantize_per_tensor.default(quantize_per_tensor_default_2, 0.007843137718737125, -128, -128, 127, torch.int8);  quantize_per_tensor_default_2 = None
        return pytree.tree_unflatten((dequantize_per_tensor_default_2,), self._out_spec)
        
Traceback (most recent call last):
  File "/__w/CMSIS-Executorch/CMSIS-Executorch/model/aot_model.py", line 60, in <module>
    edge_program_manager = to_edge_transform_and_lower(
                           ^^^^^^^^^^^^^^^^^^^^^^^^^^^^
  File "/workspace/executorch-venv/lib/python3.12/site-packages/executorch/exir/program/_program.py", line 114, in wrapper
    return func(*args, **kwargs)
           ^^^^^^^^^^^^^^^^^^^^^
  File "/workspace/executorch-venv/lib/python3.12/site-packages/executorch/exir/program/_program.py", line 1371, in to_edge_transform_and_lower
    edge_manager = edge_manager.to_backend(method_to_partitioner)
                   ^^^^^^^^^^^^^^^^^^^^^^^^^^^^^^^^^^^^^^^^^^^^^^
  File "/workspace/executorch-venv/lib/python3.12/site-packages/executorch/exir/program/_program.py", line 114, in wrapper
    return func(*args, **kwargs)
           ^^^^^^^^^^^^^^^^^^^^^
  File "/workspace/executorch-venv/lib/python3.12/site-packages/executorch/exir/program/_program.py", line 1672, in to_backend
    new_edge_programs = to_backend(method_to_programs_and_partitioners)
                        ^^^^^^^^^^^^^^^^^^^^^^^^^^^^^^^^^^^^^^^^^^^^^^^
  File "/usr/lib/python3.12/functools.py", line 909, in wrapper
    return dispatch(args[0].__class__)(*args, **kw)
           ^^^^^^^^^^^^^^^^^^^^^^^^^^^^^^^^^^^^^^^^
  File "/workspace/executorch-venv/lib/python3.12/site-packages/executorch/exir/backend/backend_api.py", line 762, in _
    lower_all_submodules_to_backend(
  File "/workspace/executorch-venv/lib/python3.12/site-packages/executorch/exir/backend/backend_api.py", line 591, in lower_all_submodules_to_backend
    backend_name_to_subclass[backend_id].preprocess_multimethod(
  File "/workspace/executorch-venv/lib/python3.12/site-packages/executorch/exir/backend/backend_details.py", line 129, in preprocess_multimethod
    preprocess_result = cls.preprocess(program, compile_spec_for_program)
                        ^^^^^^^^^^^^^^^^^^^^^^^^^^^^^^^^^^^^^^^^^^^^^^^^^
  File "/workspace/executorch-venv/lib/python3.12/site-packages/executorch/backends/arm/ethosu/backend.py", line 81, in preprocess
    binary = EthosUBackend._compile_tosa_flatbuffer(
             ^^^^^^^^^^^^^^^^^^^^^^^^^^^^^^^^^^^^^^^
  File "/workspace/executorch-venv/lib/python3.12/site-packages/executorch/backends/arm/ethosu/backend.py", line 55, in _compile_tosa_flatbuffer
    binary = vela_compile(
             ^^^^^^^^^^^^^
  File "/workspace/executorch-venv/lib/python3.12/site-packages/executorch/backends/arm/arm_vela.py", line 54, in vela_compile
    raise RuntimeError(
RuntimeError: ethos-u-vela pip package couldn't be imported. Make sure it's installed!
